<?xml version="1.0" encoding="UTF-8"?>
<TestRun id="e80bc09c-7c80-448c-a490-241d79de75bb" name="armandorv@ARMANDORV-PC 2012-03-29 16:01:54" runUser="armandorv-pc\armandorv" xmlns="http://microsoft.com/schemas/VisualStudio/TeamTest/2010">
  <TestSettings name="Local" id="f68d14ca-8efd-4961-820a-96dc17a2a53d">
    <Description>Esta es la configuración de pruebas predeterminada para una ejecución de pruebas local.</Description>
    <Deployment enabled="false" runDeploymentRoot="armandorv_ARMANDORV-PC 2012-03-29 16_01_54">
      <DeploymentItem filename="D:\Work\VS10_WorkSpace\Projects\ArmandoShop-MiddleTier\Model\bin\Debug\Model.dll" />
      <DeploymentItem filename="D:\Work\VS10_WorkSpace\Projects\ArmandoShop-MiddleTier\DataAccess\bin\Debug\ArmandoShop.DataAccess.dll" />
    </Deployment>
    <Execution>
      <TestTypeSpecific />
      <AgentRule name="Execution Agents">
      </AgentRule>
    </Execution>
  </TestSettings>
  <Times creation="2012-03-29T16:01:54.1807385+02:00" queuing="2012-03-29T16:01:54.2119386+02:00" start="2012-03-29T16:01:54.2275386+02:00" finish="2012-03-29T16:01:54.5395392+02:00" />
  <ResultSummary outcome="Completed">
    <Counters total="6" executed="6" passed="6" error="0" failed="0" timeout="0" aborted="0" inconclusive="0" passedButRunAborted="0" notRunnable="0" notExecuted="0" disconnected="0" warning="0" completed="0" inProgress="0" pending="0" />
  </ResultSummary>
  <TestDefinitions>
    <UnitTest name="GetProvidersByElementTest" storage="d:\work\vs10_workspace\projects\armandoshop-middletier\dataaccess.tests\bin\release\armandoshop.dataaccess.tests.dll" id="58eb53c6-68d1-f28d-a56e-abbb2db4caba">
      <Execution id="4b5c266e-1cd9-4325-9c01-8ee712e21a7a" />
      <TestMethod codeBase="D:/Work/VS10_WorkSpace/Projects/ArmandoShop-MiddleTier/DataAccess.Tests/bin/Release/ArmandoShop.DataAccess.Tests.DLL" adapterTypeName="Microsoft.VisualStudio.TestTools.TestTypes.Unit.UnitTestAdapter, Microsoft.VisualStudio.QualityTools.Tips.UnitTest.Adapter, Version=10.0.0.0, Culture=neutral, PublicKeyToken=b03f5f7f11d50a3a" className="ArmandoShop.DataAccess.Tests.CategorityDAOTest, ArmandoShop.DataAccess.Tests, Version=1.0.0.0, Culture=neutral, PublicKeyToken=null" name="GetProvidersByElementTest" />
    </UnitTest>
    <UnitTest name="TestFindAllCategoritys" storage="d:\work\vs10_workspace\projects\armandoshop-middletier\dataaccess.tests\bin\release\armandoshop.dataaccess.tests.dll" id="e102929c-26b6-2b0b-2ea0-d3eeef3e80f1">
      <Execution id="c25e59fa-3171-4f16-ae91-da77df2b2377" />
      <TestMethod codeBase="D:/Work/VS10_WorkSpace/Projects/ArmandoShop-MiddleTier/DataAccess.Tests/bin/Release/ArmandoShop.DataAccess.Tests.DLL" adapterTypeName="Microsoft.VisualStudio.TestTools.TestTypes.Unit.UnitTestAdapter, Microsoft.VisualStudio.QualityTools.Tips.UnitTest.Adapter, Version=10.0.0.0, Culture=neutral, PublicKeyToken=b03f5f7f11d50a3a" className="ArmandoShop.DataAccess.Tests.CategorityDAOTest, ArmandoShop.DataAccess.Tests, Version=1.0.0.0, Culture=neutral, PublicKeyToken=null" name="TestFindAllCategoritys" />
    </UnitTest>
    <UnitTest name="TestFindById" storage="d:\work\vs10_workspace\projects\armandoshop-middletier\dataaccess.tests\bin\release\armandoshop.dataaccess.tests.dll" id="6501edd4-71c2-7804-50f5-64d4a68b0fdb">
      <Execution id="87c368c8-d762-4e6f-9b7e-1f265c222e1f" />
      <TestMethod codeBase="D:/Work/VS10_WorkSpace/Projects/ArmandoShop-MiddleTier/DataAccess.Tests/bin/Release/ArmandoShop.DataAccess.Tests.DLL" adapterTypeName="Microsoft.VisualStudio.TestTools.TestTypes.Unit.UnitTestAdapter, Microsoft.VisualStudio.QualityTools.Tips.UnitTest.Adapter, Version=10.0.0.0, Culture=neutral, PublicKeyToken=b03f5f7f11d50a3a" className="ArmandoShop.DataAccess.Tests.CategorityDAOTest, ArmandoShop.DataAccess.Tests, Version=1.0.0.0, Culture=neutral, PublicKeyToken=null" name="TestFindById" />
    </UnitTest>
    <UnitTest name="CreateTest" storage="d:\work\vs10_workspace\projects\armandoshop-middletier\dataaccess.tests\bin\release\armandoshop.dataaccess.tests.dll" id="496f1bee-1139-65cd-ea66-5d701f0c4fbc">
      <Execution id="5ca72021-0fd5-4ace-9022-fed5de220fea" />
      <TestMethod codeBase="D:/Work/VS10_WorkSpace/Projects/ArmandoShop-MiddleTier/DataAccess.Tests/bin/Release/ArmandoShop.DataAccess.Tests.DLL" adapterTypeName="Microsoft.VisualStudio.TestTools.TestTypes.Unit.UnitTestAdapter, Microsoft.VisualStudio.QualityTools.Tips.UnitTest.Adapter, Version=10.0.0.0, Culture=neutral, PublicKeyToken=b03f5f7f11d50a3a" className="ArmandoShop.DataAccess.Tests.CategorityDAOTest, ArmandoShop.DataAccess.Tests, Version=1.0.0.0, Culture=neutral, PublicKeyToken=null" name="CreateTest" />
    </UnitTest>
    <UnitTest name="UpdateTest" storage="d:\work\vs10_workspace\projects\armandoshop-middletier\dataaccess.tests\bin\release\armandoshop.dataaccess.tests.dll" id="bbb93a2a-5f01-7c25-8ac5-2dd2c93a87a8">
      <Execution id="a605e3e9-cb3f-4974-ac4c-3a46111f5bb2" />
      <TestMethod codeBase="D:/Work/VS10_WorkSpace/Projects/ArmandoShop-MiddleTier/DataAccess.Tests/bin/Release/ArmandoShop.DataAccess.Tests.DLL" adapterTypeName="Microsoft.VisualStudio.TestTools.TestTypes.Unit.UnitTestAdapter, Microsoft.VisualStudio.QualityTools.Tips.UnitTest.Adapter, Version=10.0.0.0, Culture=neutral, PublicKeyToken=b03f5f7f11d50a3a" className="ArmandoShop.DataAccess.Tests.CategorityDAOTest, ArmandoShop.DataAccess.Tests, Version=1.0.0.0, Culture=neutral, PublicKeyToken=null" name="UpdateTest" />
    </UnitTest>
    <UnitTest name="DeleteTest" storage="d:\work\vs10_workspace\projects\armandoshop-middletier\dataaccess.tests\bin\release\armandoshop.dataaccess.tests.dll" id="ff3c35e6-f737-bedf-3fd7-de670e30452a">
      <Execution id="463dbc4d-c510-4363-805e-528c0afc2ab0" />
      <TestMethod codeBase="D:/Work/VS10_WorkSpace/Projects/ArmandoShop-MiddleTier/DataAccess.Tests/bin/Release/ArmandoShop.DataAccess.Tests.DLL" adapterTypeName="Microsoft.VisualStudio.TestTools.TestTypes.Unit.UnitTestAdapter, Microsoft.VisualStudio.QualityTools.Tips.UnitTest.Adapter, Version=10.0.0.0, Culture=neutral, PublicKeyToken=b03f5f7f11d50a3a" className="ArmandoShop.DataAccess.Tests.CategorityDAOTest, ArmandoShop.DataAccess.Tests, Version=1.0.0.0, Culture=neutral, PublicKeyToken=null" name="DeleteTest" />
    </UnitTest>
  </TestDefinitions>
  <TestLists>
    <TestList name="Resultados que no están en la lista" id="8c84fa94-04c1-424b-9868-57a2d4851a1d" />
    <TestList name="Todos los resultados cargados" id="19431567-8539-422a-85d7-44ee4e166bda" />
  </TestLists>
  <TestEntries>
    <TestEntry testId="496f1bee-1139-65cd-ea66-5d701f0c4fbc" executionId="5ca72021-0fd5-4ace-9022-fed5de220fea" testListId="8c84fa94-04c1-424b-9868-57a2d4851a1d" />
    <TestEntry testId="58eb53c6-68d1-f28d-a56e-abbb2db4caba" executionId="4b5c266e-1cd9-4325-9c01-8ee712e21a7a" testListId="8c84fa94-04c1-424b-9868-57a2d4851a1d" />
    <TestEntry testId="6501edd4-71c2-7804-50f5-64d4a68b0fdb" executionId="87c368c8-d762-4e6f-9b7e-1f265c222e1f" testListId="8c84fa94-04c1-424b-9868-57a2d4851a1d" />
    <TestEntry testId="bbb93a2a-5f01-7c25-8ac5-2dd2c93a87a8" executionId="a605e3e9-cb3f-4974-ac4c-3a46111f5bb2" testListId="8c84fa94-04c1-424b-9868-57a2d4851a1d" />
    <TestEntry testId="e102929c-26b6-2b0b-2ea0-d3eeef3e80f1" executionId="c25e59fa-3171-4f16-ae91-da77df2b2377" testListId="8c84fa94-04c1-424b-9868-57a2d4851a1d" />
    <TestEntry testId="ff3c35e6-f737-bedf-3fd7-de670e30452a" executionId="463dbc4d-c510-4363-805e-528c0afc2ab0" testListId="8c84fa94-04c1-424b-9868-57a2d4851a1d" />
  </TestEntries>
  <Results>
    <UnitTestResult executionId="5ca72021-0fd5-4ace-9022-fed5de220fea" testId="496f1bee-1139-65cd-ea66-5d701f0c4fbc" testName="CreateTest" computerName="ARMANDORV-PC" duration="00:00:00.0508218" startTime="2012-03-29T16:01:54.2275386+02:00" endTime="2012-03-29T16:01:54.4303390+02:00" testType="13cdc9d9-ddb5-4fa4-a97d-d965ccfc6d4b" outcome="Passed" testListId="8c84fa94-04c1-424b-9868-57a2d4851a1d" relativeResultsDirectory="5ca72021-0fd5-4ace-9022-fed5de220fea">
      <Output>
        <StdOut>Testing Create Categority : 

Current Categoritys  : 

Categority [ID=1,Name =1 ,Description =1]
Categority [ID=2,Name =Mobiles ,Description =Several Moviles]
Categority [ID=3,Name =Laptops ,Description =Several Laptops]
Creating Categority  :1

Current Categoritys  : 

Categority [ID=1,Name =1 ,Description =1]
Categority [ID=2,Name =Mobiles ,Description =Several Moviles]
Categority [ID=3,Name =Laptops ,Description =Several Laptops]
Categority [ID=4,Name =1 ,Description =1]
End Test 
 ______</StdOut>
      </Output>
    </UnitTestResult>
    <UnitTestResult executionId="4b5c266e-1cd9-4325-9c01-8ee712e21a7a" testId="58eb53c6-68d1-f28d-a56e-abbb2db4caba" testName="GetProvidersByElementTest" computerName="ARMANDORV-PC" duration="00:00:00.0141697" startTime="2012-03-29T16:01:54.4459390+02:00" endTime="2012-03-29T16:01:54.4615390+02:00" testType="13cdc9d9-ddb5-4fa4-a97d-d965ccfc6d4b" outcome="Passed" testListId="8c84fa94-04c1-424b-9868-57a2d4851a1d" relativeResultsDirectory="4b5c266e-1cd9-4325-9c01-8ee712e21a7a">
      <Output>
        <StdOut>GetProvidersByElementTest : 

Provider [ Id = 1 ,Name = name32202 ,Mail = armando@armandorv.coasdasdasdm]
End Test 
 ______</StdOut>
      </Output>
    </UnitTestResult>
    <UnitTestResult executionId="87c368c8-d762-4e6f-9b7e-1f265c222e1f" testId="6501edd4-71c2-7804-50f5-64d4a68b0fdb" testName="TestFindById" computerName="ARMANDORV-PC" duration="00:00:00.0055085" startTime="2012-03-29T16:01:54.4615390+02:00" endTime="2012-03-29T16:01:54.4615390+02:00" testType="13cdc9d9-ddb5-4fa4-a97d-d965ccfc6d4b" outcome="Passed" testListId="8c84fa94-04c1-424b-9868-57a2d4851a1d" relativeResultsDirectory="87c368c8-d762-4e6f-9b7e-1f265c222e1f">
      <Output>
        <StdOut>Testing Getting Categority By Id: 1

Categority [ID=1,Name =1 ,Description =1]
End Test 
 ______</StdOut>
      </Output>
    </UnitTestResult>
    <UnitTestResult executionId="a605e3e9-cb3f-4974-ac4c-3a46111f5bb2" testId="bbb93a2a-5f01-7c25-8ac5-2dd2c93a87a8" testName="UpdateTest" computerName="ARMANDORV-PC" duration="00:00:00.0211004" startTime="2012-03-29T16:01:54.4771391+02:00" endTime="2012-03-29T16:01:54.4927391+02:00" testType="13cdc9d9-ddb5-4fa4-a97d-d965ccfc6d4b" outcome="Passed" testListId="8c84fa94-04c1-424b-9868-57a2d4851a1d" relativeResultsDirectory="a605e3e9-cb3f-4974-ac4c-3a46111f5bb2">
      <Output>
        <StdOut>Testing Update Categority : 

Current Categoritys  : 

Categority [ID=1,Name =1 ,Description =1]
Categority [ID=2,Name =Mobiles ,Description =Several Moviles]
Categority [ID=3,Name =Laptops ,Description =Several Laptops]
Categority [ID=4,Name =1 ,Description =1]
Updating Last Categority

Current Categoritys  : 

Categority [ID=1,Name =1 ,Description =1]
Categority [ID=2,Name =Mobiles ,Description =Several Moviles]
Categority [ID=3,Name =Laptops ,Description =Several Laptops]
Categority [ID=4,Name =name595101 ,Description =1]
End Test 
 ______</StdOut>
      </Output>
    </UnitTestResult>
    <UnitTestResult executionId="c25e59fa-3171-4f16-ae91-da77df2b2377" testId="e102929c-26b6-2b0b-2ea0-d3eeef3e80f1" testName="TestFindAllCategoritys" computerName="ARMANDORV-PC" duration="00:00:00.0057633" startTime="2012-03-29T16:01:54.4927391+02:00" endTime="2012-03-29T16:01:54.5083391+02:00" testType="13cdc9d9-ddb5-4fa4-a97d-d965ccfc6d4b" outcome="Passed" testListId="8c84fa94-04c1-424b-9868-57a2d4851a1d" relativeResultsDirectory="c25e59fa-3171-4f16-ae91-da77df2b2377">
      <Output>
        <StdOut>Testing Getting All Categoritys: 

Categority [ID=1,Name =1 ,Description =1]
Categority [ID=2,Name =Mobiles ,Description =Several Moviles]
Categority [ID=3,Name =Laptops ,Description =Several Laptops]
Categority [ID=4,Name =name595101 ,Description =1]
End Test 
 ______</StdOut>
      </Output>
    </UnitTestResult>
    <UnitTestResult executionId="463dbc4d-c510-4363-805e-528c0afc2ab0" testId="ff3c35e6-f737-bedf-3fd7-de670e30452a" testName="DeleteTest" computerName="ARMANDORV-PC" duration="00:00:00.0190362" startTime="2012-03-29T16:01:54.5083391+02:00" endTime="2012-03-29T16:01:54.5239391+02:00" testType="13cdc9d9-ddb5-4fa4-a97d-d965ccfc6d4b" outcome="Passed" testListId="8c84fa94-04c1-424b-9868-57a2d4851a1d" relativeResultsDirectory="463dbc4d-c510-4363-805e-528c0afc2ab0">
      <Output>
        <StdOut>Testing Delete Categority : 

Current Categoritys  : 

Categority [ID=1,Name =1 ,Description =1]
Categority [ID=2,Name =Mobiles ,Description =Several Moviles]
Categority [ID=3,Name =Laptops ,Description =Several Laptops]
Categority [ID=4,Name =name595101 ,Description =1]
Deleting Last Categorityn
Current Categoritys  : 

Categority [ID=1,Name =1 ,Description =1]
Categority [ID=2,Name =Mobiles ,Description =Several Moviles]
Categority [ID=3,Name =Laptops ,Description =Several Laptops]
End Test 
 ______</StdOut>
      </Output>
    </UnitTestResult>
  </Results>
</TestRun>