<?xml version="1.0" encoding="UTF-8"?>
<TestRun id="4dfea7d4-0913-4555-b89a-2ff0dc62fc37" name="armandorv@ARMANDORV-PC 2012-04-04 15:46:00" runUser="armandorv-pc\armandorv" xmlns="http://microsoft.com/schemas/VisualStudio/TeamTest/2010">
  <TestSettings name="Local" id="f68d14ca-8efd-4961-820a-96dc17a2a53d">
    <Description>Esta es la configuración de pruebas predeterminada para una ejecución de pruebas local.</Description>
    <Deployment enabled="false" runDeploymentRoot="armandorv_ARMANDORV-PC 2012-04-04 15_46_00">
      <DeploymentItem filename="D:\Work\VS10_WorkSpace\Projects\ArmandoShop-MiddleTier\Model\bin\Debug\Model.dll" />
      <DeploymentItem filename="D:\Work\VS10_WorkSpace\Projects\ArmandoShop-MiddleTier\DataAccess\bin\Debug\ArmandoShop.DataAccess.dll" />
    </Deployment>
    <Execution>
      <TestTypeSpecific />
      <AgentRule name="Execution Agents">
      </AgentRule>
    </Execution>
  </TestSettings>
  <Times creation="2012-04-04T15:46:00.9097366+02:00" queuing="2012-04-04T15:46:01.1197369+02:00" start="2012-04-04T15:46:01.1497370+02:00" finish="2012-04-04T15:46:01.5997376+02:00" />
  <ResultSummary outcome="Failed">
    <Counters total="5" executed="5" passed="3" error="0" failed="2" timeout="0" aborted="0" inconclusive="0" passedButRunAborted="0" notRunnable="0" notExecuted="0" disconnected="0" warning="0" completed="0" inProgress="0" pending="0" />
  </ResultSummary>
  <TestDefinitions>
    <UnitTest name="UpdateTest" storage="d:\work\vs10_workspace\projects\armandoshop-middletier\dataaccess.tests\bin\debug\armandoshop.dataaccess.tests.dll" id="2e9dc7d2-e059-ef16-f604-17042dfaea10">
      <Execution id="722c5039-a157-406b-b3e9-b976edc88fb9" />
      <TestMethod codeBase="D:/Work/VS10_WorkSpace/Projects/ArmandoShop-MiddleTier/DataAccess.Tests/bin/Debug/ArmandoShop.DataAccess.Tests.DLL" adapterTypeName="Microsoft.VisualStudio.TestTools.TestTypes.Unit.UnitTestAdapter, Microsoft.VisualStudio.QualityTools.Tips.UnitTest.Adapter, Version=10.0.0.0, Culture=neutral, PublicKeyToken=b03f5f7f11d50a3a" className="ArmandoShop.DataAccess.Tests.CustomerDAOTest, ArmandoShop.DataAccess.Tests, Version=1.0.0.0, Culture=neutral, PublicKeyToken=null" name="UpdateTest" />
    </UnitTest>
    <UnitTest name="RemoveTest" storage="d:\work\vs10_workspace\projects\armandoshop-middletier\dataaccess.tests\bin\debug\armandoshop.dataaccess.tests.dll" id="a416dbbb-8ce7-bc71-5995-b35eb4d39004">
      <Execution id="5673f82f-bb16-4ea2-8c9e-23c339267808" />
      <TestMethod codeBase="D:/Work/VS10_WorkSpace/Projects/ArmandoShop-MiddleTier/DataAccess.Tests/bin/Debug/ArmandoShop.DataAccess.Tests.DLL" adapterTypeName="Microsoft.VisualStudio.TestTools.TestTypes.Unit.UnitTestAdapter, Microsoft.VisualStudio.QualityTools.Tips.UnitTest.Adapter, Version=10.0.0.0, Culture=neutral, PublicKeyToken=b03f5f7f11d50a3a" className="ArmandoShop.DataAccess.Tests.CustomerDAOTest, ArmandoShop.DataAccess.Tests, Version=1.0.0.0, Culture=neutral, PublicKeyToken=null" name="RemoveTest" />
    </UnitTest>
    <UnitTest name="FindAllTest" storage="d:\work\vs10_workspace\projects\armandoshop-middletier\dataaccess.tests\bin\debug\armandoshop.dataaccess.tests.dll" id="45fb7b17-50c5-f059-47d8-29fc42af25fa">
      <Execution id="089660e9-01b3-4b94-a1f9-ee24ba4cb4aa" />
      <TestMethod codeBase="D:/Work/VS10_WorkSpace/Projects/ArmandoShop-MiddleTier/DataAccess.Tests/bin/Debug/ArmandoShop.DataAccess.Tests.DLL" adapterTypeName="Microsoft.VisualStudio.TestTools.TestTypes.Unit.UnitTestAdapter, Microsoft.VisualStudio.QualityTools.Tips.UnitTest.Adapter, Version=10.0.0.0, Culture=neutral, PublicKeyToken=b03f5f7f11d50a3a" className="ArmandoShop.DataAccess.Tests.CustomerDAOTest, ArmandoShop.DataAccess.Tests, Version=1.0.0.0, Culture=neutral, PublicKeyToken=null" name="FindAllTest" />
    </UnitTest>
    <UnitTest name="CreateTest" storage="d:\work\vs10_workspace\projects\armandoshop-middletier\dataaccess.tests\bin\debug\armandoshop.dataaccess.tests.dll" id="b959f45d-9227-8acc-24b4-6ba23aed2dad">
      <Execution id="bc140b92-dc83-4ab1-bade-5f55009c1897" />
      <TestMethod codeBase="D:/Work/VS10_WorkSpace/Projects/ArmandoShop-MiddleTier/DataAccess.Tests/bin/Debug/ArmandoShop.DataAccess.Tests.DLL" adapterTypeName="Microsoft.VisualStudio.TestTools.TestTypes.Unit.UnitTestAdapter, Microsoft.VisualStudio.QualityTools.Tips.UnitTest.Adapter, Version=10.0.0.0, Culture=neutral, PublicKeyToken=b03f5f7f11d50a3a" className="ArmandoShop.DataAccess.Tests.CustomerDAOTest, ArmandoShop.DataAccess.Tests, Version=1.0.0.0, Culture=neutral, PublicKeyToken=null" name="CreateTest" />
    </UnitTest>
    <UnitTest name="FindByIdTest" storage="d:\work\vs10_workspace\projects\armandoshop-middletier\dataaccess.tests\bin\debug\armandoshop.dataaccess.tests.dll" id="37451224-fd20-f8f6-2f13-405e5dec14ac">
      <Execution id="a3b3f63e-9dde-4bf6-8479-21e95758146c" />
      <TestMethod codeBase="D:/Work/VS10_WorkSpace/Projects/ArmandoShop-MiddleTier/DataAccess.Tests/bin/Debug/ArmandoShop.DataAccess.Tests.DLL" adapterTypeName="Microsoft.VisualStudio.TestTools.TestTypes.Unit.UnitTestAdapter, Microsoft.VisualStudio.QualityTools.Tips.UnitTest.Adapter, Version=10.0.0.0, Culture=neutral, PublicKeyToken=b03f5f7f11d50a3a" className="ArmandoShop.DataAccess.Tests.CustomerDAOTest, ArmandoShop.DataAccess.Tests, Version=1.0.0.0, Culture=neutral, PublicKeyToken=null" name="FindByIdTest" />
    </UnitTest>
  </TestDefinitions>
  <TestLists>
    <TestList name="Resultados que no están en la lista" id="8c84fa94-04c1-424b-9868-57a2d4851a1d" />
    <TestList name="Todos los resultados cargados" id="19431567-8539-422a-85d7-44ee4e166bda" />
  </TestLists>
  <TestEntries>
    <TestEntry testId="2e9dc7d2-e059-ef16-f604-17042dfaea10" executionId="722c5039-a157-406b-b3e9-b976edc88fb9" testListId="8c84fa94-04c1-424b-9868-57a2d4851a1d" />
    <TestEntry testId="37451224-fd20-f8f6-2f13-405e5dec14ac" executionId="a3b3f63e-9dde-4bf6-8479-21e95758146c" testListId="8c84fa94-04c1-424b-9868-57a2d4851a1d" />
    <TestEntry testId="45fb7b17-50c5-f059-47d8-29fc42af25fa" executionId="089660e9-01b3-4b94-a1f9-ee24ba4cb4aa" testListId="8c84fa94-04c1-424b-9868-57a2d4851a1d" />
    <TestEntry testId="a416dbbb-8ce7-bc71-5995-b35eb4d39004" executionId="5673f82f-bb16-4ea2-8c9e-23c339267808" testListId="8c84fa94-04c1-424b-9868-57a2d4851a1d" />
    <TestEntry testId="b959f45d-9227-8acc-24b4-6ba23aed2dad" executionId="bc140b92-dc83-4ab1-bade-5f55009c1897" testListId="8c84fa94-04c1-424b-9868-57a2d4851a1d" />
  </TestEntries>
  <Results>
    <UnitTestResult executionId="722c5039-a157-406b-b3e9-b976edc88fb9" testId="2e9dc7d2-e059-ef16-f604-17042dfaea10" testName="UpdateTest" computerName="ARMANDORV-PC" duration="00:00:00.1278350" startTime="2012-04-04T15:46:01.1597370+02:00" endTime="2012-04-04T15:46:01.5097375+02:00" testType="13cdc9d9-ddb5-4fa4-a97d-d965ccfc6d4b" outcome="Failed" testListId="8c84fa94-04c1-424b-9868-57a2d4851a1d" relativeResultsDirectory="722c5039-a157-406b-b3e9-b976edc88fb9">
      <Output>
        <StdOut>Before :Product [Id=1 ,Name=prueba ,surname=prueba ,Address=prueba ,Phone =prueba]</StdOut>
        <ErrorInfo>
          <Message>El método de prueba ArmandoShop.DataAccess.Tests.CustomerDAOTest.UpdateTest produjo la excepción: 
System.NullReferenceException: Referencia a objeto no establecida como instancia de un objeto.</Message>
          <StackTrace>    en ArmandoShop.DataAccess.Core.CustomerDAO.Update(Customer element) en D:\Work\VS10_WorkSpace\Projects\ArmandoShop-MiddleTier\DataAccess\Core\CustomerDAO.cs:línea 51
   en ArmandoShop.DataAccess.Tests.CustomerDAOTest.UpdateTest() en D:\Work\VS10_WorkSpace\Projects\ArmandoShop-MiddleTier\DataAccess.Tests\CustomerDAOTest.cs:línea 74
</StackTrace>
        </ErrorInfo>
      </Output>
    </UnitTestResult>
    <UnitTestResult executionId="a3b3f63e-9dde-4bf6-8479-21e95758146c" testId="37451224-fd20-f8f6-2f13-405e5dec14ac" testName="FindByIdTest" computerName="ARMANDORV-PC" duration="00:00:00.0079769" startTime="2012-04-04T15:46:01.5197375+02:00" endTime="2012-04-04T15:46:01.5397375+02:00" testType="13cdc9d9-ddb5-4fa4-a97d-d965ccfc6d4b" outcome="Passed" testListId="8c84fa94-04c1-424b-9868-57a2d4851a1d" relativeResultsDirectory="a3b3f63e-9dde-4bf6-8479-21e95758146c">
      <Output>
        <StdOut>Customer:Product [Id=1 ,Name=prueba ,surname=prueba ,Address=prueba ,Phone =prueba]</StdOut>
      </Output>
    </UnitTestResult>
    <UnitTestResult executionId="089660e9-01b3-4b94-a1f9-ee24ba4cb4aa" testId="45fb7b17-50c5-f059-47d8-29fc42af25fa" testName="FindAllTest" computerName="ARMANDORV-PC" duration="00:00:00.0068145" startTime="2012-04-04T15:46:01.5397375+02:00" endTime="2012-04-04T15:46:01.5497375+02:00" testType="13cdc9d9-ddb5-4fa4-a97d-d965ccfc6d4b" outcome="Passed" testListId="8c84fa94-04c1-424b-9868-57a2d4851a1d" relativeResultsDirectory="089660e9-01b3-4b94-a1f9-ee24ba4cb4aa">
      <Output>
        <StdOut>Al customers are:

Product [Id=1 ,Name=prueba ,surname=prueba ,Address=prueba ,Phone =prueba]</StdOut>
      </Output>
    </UnitTestResult>
    <UnitTestResult executionId="5673f82f-bb16-4ea2-8c9e-23c339267808" testId="a416dbbb-8ce7-bc71-5995-b35eb4d39004" testName="RemoveTest" computerName="ARMANDORV-PC" duration="00:00:00.0131672" startTime="2012-04-04T15:46:01.5497375+02:00" endTime="2012-04-04T15:46:01.5697375+02:00" testType="13cdc9d9-ddb5-4fa4-a97d-d965ccfc6d4b" outcome="Passed" testListId="8c84fa94-04c1-424b-9868-57a2d4851a1d" relativeResultsDirectory="5673f82f-bb16-4ea2-8c9e-23c339267808">
      <Output>
        <StdOut>Al customers are:

System.Collections.Generic.List`1[ArmandoShop.Model.Customer]</StdOut>
      </Output>
    </UnitTestResult>
    <UnitTestResult executionId="bc140b92-dc83-4ab1-bade-5f55009c1897" testId="b959f45d-9227-8acc-24b4-6ba23aed2dad" testName="CreateTest" computerName="ARMANDORV-PC" duration="00:00:00.0017701" startTime="2012-04-04T15:46:01.5697375+02:00" endTime="2012-04-04T15:46:01.5797376+02:00" testType="13cdc9d9-ddb5-4fa4-a97d-d965ccfc6d4b" outcome="Failed" testListId="8c84fa94-04c1-424b-9868-57a2d4851a1d" relativeResultsDirectory="bc140b92-dc83-4ab1-bade-5f55009c1897">
      <Output>
        <ErrorInfo>
          <Message>El método de prueba ArmandoShop.DataAccess.Tests.CustomerDAOTest.CreateTest produjo la excepción: 
System.NullReferenceException: Referencia a objeto no establecida como instancia de un objeto.</Message>
          <StackTrace>    en ArmandoShop.DataAccess.Core.CustomerDAO.Create(Customer element) en D:\Work\VS10_WorkSpace\Projects\ArmandoShop-MiddleTier\DataAccess\Core\CustomerDAO.cs:línea 30
   en ArmandoShop.DataAccess.Tests.CustomerDAOTest.CreateTest() en D:\Work\VS10_WorkSpace\Projects\ArmandoShop-MiddleTier\DataAccess.Tests\CustomerDAOTest.cs:línea 65
</StackTrace>
        </ErrorInfo>
      </Output>
    </UnitTestResult>
  </Results>
</TestRun>